
> vite_react_shadcn_ts@0.0.0 build
> vite build

[36mvite v5.4.19 [32mbuilding for production...[36m[39m
transforming...
Browserslist: browsers data (caniuse-lite) is 8 months old. Please run:
  npx update-browserslist-db@latest
  Why you should do it regularly: https://github.com/browserslist/update-db#readme
[32m✓[39m 1710 modules transformed.
[31mx[39m Build failed in 7.09s
[31merror during build:
[31m[vite:load-fallback] Could not load D:\My Projects\crash-predictor\src/components/ui/input (imported by src/components/form/DriverInfoStep.tsx): ENOENT: no such file or directory, open 'D:\My Projects\crash-predictor\src\components\ui\input'[31m
    at async open (node:internal/fs/promises:642:25)
    at async Object.readFile (node:internal/fs/promises:1279:14)
    at async Object.load (file:///D:/My%20Projects/crash-predictor/node_modules/vite/dist/node/chunks/dep-C6uTJdX2.js:65341:25)
    at async PluginDriver.hookFirstAndGetPlugin (file:///D:/My%20Projects/crash-predictor/node_modules/rollup/dist/es/shared/node-entry.js:20630:28)
    at async file:///D:/My%20Projects/crash-predictor/node_modules/rollup/dist/es/shared/node-entry.js:19750:33
    at async Queue.work (file:///D:/My%20Projects/crash-predictor/node_modules/rollup/dist/es/shared/node-entry.js:20840:32)[39m
